Mono path[0] = '/Users/daddung/Desktop/티크 게임 실행.app/Contents/Resources/Data/Managed'
Mono config path = '/Users/daddung/Desktop/티크 게임 실행.app/Contents/MonoBleedingEdge/etc'
CodeReloadManager initialized
Input System module state changed to: Initialized.
[Physics::Module] Initialized fallback backend.
[Physics::Module] Id: 0xdecafbad
Color LCD preferred device: Intel(R) UHD Graphics 630 (low power)
Metal devices available: 2
0: AMD Radeon Pro 560X (high power)
1: Intel(R) UHD Graphics 630 (low power)
Using device AMD Radeon Pro 560X (high power)
Initialize engine version: 6000.5.3f1 (c2eb47b3a2a9)
[Subsystems] Discovering subsystems at path /Users/daddung/Desktop/티크 게임 실행.app/Contents/Resources/Data/UnitySubsystems
GfxDevice: creating device client; kGfxThreadingModeNonThreaded
Initializing Metal device caps: AMD Radeon Pro 560X
Mac GPU Family: 2
Apple GPU Family: 0
MSL Version: 3.0
Has Float MSAA: 1
Has Float Filtering: 1
ReadWrite Texture Tier: 2
Begin MonoManager ReloadAssembly
- Finished resetting the current domain, in  0.052 seconds
[Physics::Module] Selected backend.
[Physics::Module] Name: PhysX
[Physics::Module] Id: 0xf2b8ea05
[Physics::Module] SDK Version: 4.1.2
[Physics::Module] Integration Version: 1.0.0
[Physics::Module] Threading Mode: Multi-Threaded
UnloadTime: 1.854724 ms
TIQUE_ART_ROOT ReturnV2/TiqueV10/ clips=17
WARDEN_ART_ROOT ReturnV2/WardenV8/ clips=15
PUZZLE_ART_ROOT ReturnV2/ReadabilityArtV2/
COMPACT_UI_ROOT ReturnV2/UiV2/ glyphs=410 skins=5
RETURN_V2_SMOKE PASS
[Physics::Module] Cleanup current backend.
[Physics::Module] Id: 0xf2b8ea05
Input System module state changed to: ShutdownInProgress.
Input Polling Thread exited.
Input System module state changed to: Shutdown.
CodeReloadManager destroyed
